# ring1:12 -- ring magsys/magcor
#### 0. Includes #####################################################
include(`cac208.devtype')
include(`canadc40.devtype')
include(`candac16.devtype')
include(`cdac20.devtype')
include(`ceac124.devtype')
include(`ist_cdac20.devtype')
include(`vnn_ceac51.devtype')
include(`v1k_cdac20.devtype')
include(`v3h_a40d16.devtype')
include(`mps20_ceac124.devtype')
include(`iset_walker.devtype')
include(`devlist_magx_macros.m4')

include(`canhw_CAN_LINES_LIST.m4')

#### 1. Hardware #####################################################

# Magcor rack RST2 (rightmost)
dev rst2_a40_0 canadc40@sktcankoz ~ L_RST2N3,31     adc_timecode=2 gain=0 end=31
dev rst2_c16_0 candac16@sktcankoz ~ L_RST2N3,30    
dev rst2_a40_1 canadc40@sktcankoz ~ L_RST2N3,29     adc_timecode=2 gain=0 end=31
dev rst2_c16_1 candac16@sktcankoz ~ L_RST2N3,28    
dev rst2_a40_2 canadc40@sktcankoz ~ L_RST2N3,27     adc_timecode=2 gain=0 end=31
dev rst2_c16_2 candac16@sktcankoz ~ L_RST2N3,26    

# Magcor rack RST3
dev rst3_a40_0 canadc40@sktcankoz ~ L_RST2N3,15     adc_timecode=2 gain=0 end=31
dev rst3_c16_0 candac16@sktcankoz ~ L_RST2N3,14    
dev rst3_a40_1 canadc40@sktcankoz ~ L_RST2N3,13     adc_timecode=2 gain=0 end=31
dev rst3_c16_1 candac16@sktcankoz ~ L_RST2N3,12    
dev rst3_a40_2 canadc40@sktcankoz ~ L_RST2N3,11     adc_timecode=2 gain=0 end=31
dev rst3_c16_2 candac16@sktcankoz ~ L_RST2N3,10    

# Magcor rack RST4
dev rst4_r0    cac208@sktcankoz   ~ L_RST4N5,63     spd=-540000
dev rst4_r1    cac208@sktcankoz   ~ L_RST4N5,62     spd=-540000
dev rst4_r2    cac208@sktcankoz   ~ L_RST4N5,61     spd=-540000
dev rst4_r3    cac208@sktcankoz   ~ L_RST4N5,60     spd=-540000
dev rst4_r4    cac208@sktcankoz   ~ L_RST4N5,59     spd=-540000
dev rst4_r5    cac208@sktcankoz   ~ L_RST4N5,58     spd=-540000

# Magcor rack RST5
dev rst5_r0    cac208@sktcankoz   ~ L_RST4N5,47     spd=-1666666
dev rst5_r1    cac208@sktcankoz   ~ L_RST4N5,46     spd=-1666666
dev rst5_r2    cac208@sktcankoz   ~ L_RST4N5,45     spd=-1000000
dev rst5_r3    cac208@sktcankoz   ~ L_RST4N5,44     spd=-1666666
dev rst5_r4    cac208@sktcankoz   ~ L_RST4N5,43     spd=-1666666
dev rst5_r5    cac208@sktcankoz   ~ L_RST4N5,42     spd=-1666666
dev rst5_r6    cac208@sktcankoz   ~ L_RST4N5,41     spd=-1666666
dev rst5_r7    cac208@sktcankoz   ~ L_RST4N5,40     spd=-1666666

dev rst5_mps1  ceac124@sktcankoz  ~ L_RST4N5,31    
dev rst5_mps2  ceac124@sktcankoz  ~ L_RST4N5,30    
# Belikov's (RST6?)
dev rst6_mps5  ceac124@sktcankoz  ~ L_RST4N5,39    
dev rst6_mps4  ceac124@sktcankoz  ~ L_RST4N5,38    
dev rst6_mps3  ceac124@sktcankoz  ~ L_RST4N5,37    
dev rst6_mps2  ceac124@sktcankoz  ~ L_RST4N5,36    
dev rst6_mps1  ceac124@sktcankoz  ~ L_RST4N5,35    

# VCh400 @IP-1
dev v4h_a40 canadc40@sktcankoz ~ L_IP1IST,40  adc_timecode=4 gain=0
dev v4h_d16 candac16@sktcankoz ~ L_IP1IST,39  spd=-1333330  # -50A

# 5x V1000s @IP-2
dev vcd_1l0 cdac20@sktcankoz ~ L_MAGSYS,15  spd=-400000 tac=10
dev vcd_1l1 cdac20@sktcankoz ~ L_MAGSYS,14  spd=-400000 tac=10
dev vcd_1l2 cdac20@sktcankoz ~ L_MAGSYS,13  spd=-400000 tac=10
dev vcd_1l3 cdac20@sktcankoz ~ L_MAGSYS,12  spd=-400000 tac=10
dev vcd_1l4 cdac20@sktcankoz ~ L_MAGSYS,11  spd=-400000 tac=10
### ?x MPS20/MPS25 @VCH-blok; 32-39
##dev vch_mps5 ceac124/remdrv ~ 0,39 b:cangw-ip2:8002
##dev vch_mps4 ceac124/remdrv ~ 0,38 b:cangw-ip2:8002
##dev vch_mps3 ceac124/remdrv ~ 0,37 b:cangw-ip2:8002
##dev vch_mps2 ceac124/remdrv ~ 0,36 b:cangw-ip2:8002
##dev vch_mps1 ceac124/remdrv ~ 0,35 b:cangw-ip2:8002

# "v1000"-ISTs @IP-1
# {icd,ist}_{3m4,4m4,3m1,4m1,r14,d1,sm,1l7,r8,r9}
dev icd_3m4 cdac20@sktcankoz ~ L_IP1IST,24  spd=-400000 tac=10
dev icd_4m4 cdac20@sktcankoz ~ L_IP1IST,23  spd=-400000 tac=10
dev icd_3m1 cdac20@sktcankoz ~ L_IP1IST,22  spd=-400000 tac=10
dev icd_4m1 cdac20@sktcankoz ~ L_IP1IST,21  spd=-400000 tac=10
# vvv kid=20
dev icd_r14 cdac20@sktcankoz ~ L_IP1IST,99  spd=-400000 tac=10
dev icd_d1  cdac20@sktcankoz ~ L_IP1IST,27  spd=-400000 tac=10
dev icd_sm  cdac20@sktcankoz ~ L_IP1IST,26  spd=-400000 tac=10
dev icd_1l7 cdac20@sktcankoz ~ L_IP1IST,25  spd=-400000 tac=10
dev icd_r8  cdac20@sktcankoz ~ L_IP1IST,99  spd=-400000 tac=10
dev icd_r9  cdac20@sktcankoz ~ L_IP1IST,99  spd=-400000 tac=10

# ISTs @IP-1 
# icd_{rm,1m5,d3,d2,f4,f3,f1,i12,i13,i14}
dev icd_rm  cdac20@sktcankoz ~ L_IP1IST,31  spd=-400000 tac=10
dev icd_1m5 cdac20@sktcankoz ~ L_IP1IST,32  spd=-400000 tac=10
dev icd_d3  cdac20@sktcankoz ~ L_IP1IST,33  spd=-400000 tac=10
dev icd_d2  cdac20@sktcankoz ~ L_IP1IST,34  spd=-400000 tac=10
dev icd_f4  cdac20@sktcankoz ~ L_IP1IST,35  spd=-400000 tac=10
dev icd_f3  cdac20@sktcankoz ~ L_IP1IST,36  spd=-400000 tac=10
dev icd_f1  cdac20@sktcankoz ~ L_IP1IST,37  spd=-400000 tac=10
dev icd_i12 cdac20@sktcankoz ~ L_IP1IST,42  spd=-400000 tac=10
dev icd_i13 cdac20@sktcankoz ~ L_IP1IST,43  spd=-400000 tac=10
dev icd_i14 cdac20@sktcankoz ~ L_IP1IST,44  spd=-400000 tac=10

#### 2. Cpoints and virtual hardware #################################

# Magcor rack RST2 (rightmost)
MAGX_COR4016_DEV(rst2_a40_0, rst2_c16_0, rst2,
                 c2L1_z, c2L2_x, c2L3_z, c2L4_x, c2L5_x, c1L0_x, c1L1_z, c1L3_z, 
                 c1L4_x, c1L7_x, c1L8_z, c1L11_x,c1D2_z, c1F2_x, c1F1_x, c1D1_z)
MAGX_COR4016_DEV(rst2_a40_1, rst2_c16_1, rst2,
                 c2D2_z, c2F2_x, c2F1_x, c2D1_z, c3D2_z, c3F2_x, c3F1_x, c3D1_z,
                 c4D2_z, c4F2_x, c4F1_x, c4D1_z, c1L4_q, c1L7_q, c1M1,   c1M2)
MAGX_COR4016_DEV(rst2_a40_2, rst2_c16_2, rst2,
                 c1M3, c1M4, c1M5, c1M6, c1M7, c2M1, c2M2, c2M3,
                 cRM1, cRM2, cRM3, cRM4, cRM5, cRM6, cRM7, cRM8)

# Magcor rack RST3
MAGX_COR4016_DEV(rst3_a40_0, rst3_c16_0, rst3,
                 c1D1_Q,  c1F1_Q,  c1D2_Q,  c1F2_Q,  c1D3_Q,  c1F4_Q,  c1F3_Q,  c2F4_Q,  
                 c2D1_Q,  c2F1_Q,  c2D2_Q,  c2F2_Q,  c2D3_Q,  c3F4_Q,  c2F3_Q,  c4F4_Q)
MAGX_COR4016_DEV(rst3_a40_1, rst3_c16_1, rst3,
                 c3D1_Q,  c3F1_Q,  c3D2_Q,  c3F2_Q,  c3D3_Q,  c4D3_Q,  c3F3_Q,  c4F3_x,  
                 c4D1_Q,  c4F1_Q,  c4D2_Q,  c4F2_Q,  c3F3_x,  c4D3_z,  c4F3_Q,  c3D3_z)
MAGX_COR4016_DEV(rst3_a40_2, rst3_c16_2, rst3,
                 Sy2_4F4,Sx2_4F4,Sx1_3F4,Sy1_3F4,Sy2_2F4,Sx2_2F4,Sy1_1F4,Sx1_1F4,
                 Sx2_1F4,Sy2_1F4,Sx1_2F4,Sy1_2F4,Sx2_3F4,Sy2_3F4,Sx1_4F4,Sy1_4F4)

# Magcor rack RST4
MAGX_COR208_DEV(rst4_r0, rst4,
                q4L1,  c1F3_x,c4L4_z,c1D3_z,q4L4,  q3L2,  q4L3,  q3L1)
MAGX_COR208_DEV(rst4_r1, rst4,
                c3C2_x, c2F3_x,c4L7_x,c2D3_z,q4L6, c2C_x, q4L5,  q4L2)
MAGX_COR208_DEV(rst4_r2, rst4,
                c3L4_x,c1L10_x,q3L3, c4C2_x, q4L7, c4C1_x,    c1L2_z,c1L6_z)
MAGX_COR208_DEV(rst4_r3, rst4,
                q3L7,  c3C1_x,     q3L6, N27,    q3L5,  c3L7_z,q3L4,  N31)
MAGX_COR208_DEV(rst4_r4, rst4,
                cSM1,c4M1,c3M4,c3M5,c3M2,c3M3,cSM2,c3M1)
MAGX_COR208_DEV(rst4_r5, rst4,
                c1F4_z,c3F4_z,c4F4_z,c2F4_z,c4M4,c4M5,c4M2,c4M3)

# Magcor rack RST5
MAGX_COR208E_DEV(rst5_r0, rst5,
                 c5KX3,c5KZ4,c5KX5,c5KZ6,c5KX7,c5KX8,c5KZ9,c5KX10)
MAGX_COR208E_DEV(rst5_r1, rst5,
                 c5KZ11,c5KX12,X2_2,X2_3,X2_4,X2_5,X2_6,X2_7)
MAGX_COR208E_DEV(rst5_r2, rst5,
                 q5L11n12,q5L13n14,q5L15n16,q5L17n18,q5L19n20,X3_5,X3_6,X3_7)
MAGX_COR208E_DEV(rst5_r3, rst5,
                 c5M1,c5M2,c5M3,c5M4,X4_4,X4_5,X4_6,X4_7)
MAGX_COR208E_DEV(rst5_r4, rst5,
                 c6KX4,c6KZ5,c6KX6,c6KZ7,c6KX8,c6KX9,c6KZ10,c6KX11)
MAGX_COR208E_DEV(rst5_r5, rst5,
                 c6KZ12,c6KX13,c6KZ14,c6KX15,c6KZ16,c6KX17,c6KX18,c6KZ19)
MAGX_COR208E_DEV(rst5_r6, rst5,
                 c6KX20,c6KZ21,c6KX22,c6KZ23,c6KZ24,X7_5,X7_6,X7_7)
MAGX_COR208E_DEV(rst5_r7, rst5,
                 c6M1,c6M2,c6M3,c6M4,X8_4,X8_5,X8_6,X8_7)

# VCh400 @IP-1
cpoint v4h.a40 v4h_a40
cpoint v4h.d16 v4h_d16
MAGX_V3H_A40D16_DEV(q1l10, v4h, 0, 0.0266666) #!!!FLOAT: 8./300
MAGX_V3H_A40D16_DEV(q1l11, v4h, 1, 0.0266666) #!!!FLOAT: 8./300
MAGX_V3H_A40D16_DEV(q2l1,  v4h, 2, 0.0266666) #!!!FLOAT: 8./300
MAGX_V3H_A40D16_DEV(q2l2,  v4h, 3, 0.0266666) #!!!FLOAT: 8./300
MAGX_V3H_A40D16_DEV(q2l3,  v4h, 4, 0.0266666) #!!!FLOAT: 8./300
MAGX_V3H_A40D16_DEV(q2l4,  v4h, 5, 0.0266666) #!!!FLOAT: 8./300
MAGX_V3H_A40D16_DEV(q2l5,  v4h, 6, 0.0266666) #!!!FLOAT: 8./300
MAGX_V3H_A40D16_DEV(qv4hrsrv, v4h, 7, 0.0266666) #!!!FLOAT: 8./300

# 5x V1000s @IP-2 # ?900,900,1000,400,550?
MAGX_VNN_CEAC51_DEV(q1l0,   vcd_1l0, 0.004, 0) #!!!FLOAT: 1./250
MAGX_VNN_CEAC51_DEV(q1l1,   vcd_1l1, 0.004, 0) #!!!FLOAT: 1./250
MAGX_VNN_CEAC51_DEV(q1l2n6, vcd_1l2, 0.004, 0) #!!!FLOAT: 1./250
MAGX_VNN_CEAC51_DEV(q1l3n5, vcd_1l3, 0.004, 0) #!!!FLOAT: 1./250
MAGX_VNN_CEAC51_DEV(q1l4n8, vcd_1l4, 0.004, 0) #!!!FLOAT: 1./250
# 5x MPS-20/25s @VCH-blok
##MAGX_MPS25_CEAC124_DEV(ic_ring_kls_sol_c5, /vch_mps5)
##MAGX_MPS20_CEAC124_DEV(ic_ring_kls_sol_c4, vch_mps4)
##MAGX_MPS20_CEAC124_DEV(ic_ring_kls_sol_c3, vch_mps3)
##MAGX_MPS20_CEAC124_DEV(ic_ring_kls_sol_c2Z, vch_mps2)
##MAGX_MPS20_CEAC124_DEV(ic_ring_kls_sol_c1, vch_mps1)
##cpoint ic.ring.kls.sol_c1 ic_ring_kls_sol_c5
##cpoint ic.ring.kls.sol_c2 ic_ring_kls_sol_c4
##cpoint ic.ring.kls.sol_c3 ic_ring_kls_sol_c3
##cpoint ic.ring.kls.sol_c4Z ic_ring_kls_sol_c2Z
##cpoint ic.ring.kls.sol_c5 ic_ring_kls_sol_c1

# "v1000"-ISTs @IP-1
# ist_{3m4,4m4,3m1,4m1,r14,d1,sm,1l7,r8,r9}
MAGX_IST_CDAC20_DEV(d3m4n5,  icd_3m4, 0.008) #!!!FLOAT: 1./125
MAGX_IST_CDAC20_DEV(d4m4n5,  icd_4m4, 0.008) #!!!FLOAT: 1./125
MAGX_IST_CDAC20_DEV(d3m1t3,  icd_3m1, 0.008) #!!!FLOAT: 1./125
MAGX_IST_CDAC20_DEV(d4m1t3,  icd_4m1, 0.008) #!!!FLOAT: 1./125
MAGX_IST_CDAC20_DEV(ist_r14, icd_r14, 0.008) #!!!FLOAT: 1./125
MAGX_IST_CDAC20_DEV(qd1,     icd_d1,  0.008) #!!!FLOAT: 1./125
MAGX_IST_CDAC20_DEV(dsm,     icd_sm,  0.008) #!!!FLOAT: 1./125
MAGX_IST_CDAC20_DEV(q1l7n9,  icd_1l7, 0.008) #!!!FLOAT: 1./125
MAGX_IST_CDAC20_DEV(ist_r8,  icd_r8,  0.008) #!!!FLOAT: 1./125
MAGX_IST_CDAC20_DEV(ist_r9,  icd_r9,  0.008) #!!!FLOAT: 1./125

# ISTs @IP-1 
# {icd,ist}_{rm,1m5,d3,d2,f4,f3,f1,i12,i13,i14}
MAGX_IST_CDAC20_DEV(drm,  icd_rm, 0.008) #!!!FLOAT: 1./125
MAGX_IST_CDAC20_DEV(d1m5t7,icd_1m5, 0.008) #!!!FLOAT: 1./125
MAGX_IST_CDAC20_DEV(qd3,    icd_d3,  0.008) #!!!FLOAT: 1./125
MAGX_IST_CDAC20_DEV(qd2,    icd_d2,  0.008) #!!!FLOAT: 1./125
MAGX_IST_CDAC20_DEV(qf4,    icd_f4,  0.008) #!!!FLOAT: 1./125
MAGX_IST_CDAC20_DEV(qf3,    icd_f3,  0.008) #!!!FLOAT: 1./125
MAGX_IST_CDAC20_DEV(qf1n2,  icd_f1,  0.008) #!!!FLOAT: 1./125
MAGX_IST_CDAC20_DEV(ist_i12,icd_i12, 0.008) #!!!FLOAT: 1./125
MAGX_IST_CDAC20_DEV(d5m1t4,-icd_i13, 0.004) #!!!FLOAT: 1./250
MAGX_IST_CDAC20_DEV(d6m1t4,-icd_i14, 0.004) #!!!FLOAT: 1./250

# MPS-20s @IP-1/RST5
MAGX_MPS20_CEAC124_DEV(d6m5n6, rst5_mps1)
MAGX_MPS20_CEAC124_DEV(d6m7n8, rst5_mps2)
# MPS-20s @IP-1/RST6
MAGX_MPS25_CEAC124_DEV(r6mps5, /rst6_mps5)
MAGX_MPS20_CEAC124_DEV(r6mps4, rst6_mps4)
MAGX_MPS20_CEAC124_DEV(r6mps3, rst6_mps3)
MAGX_MPS20_CEAC124_DEV(r6mps2Z, rst6_mps2)
MAGX_MPS20_CEAC124_DEV(r6mps1, rst6_mps1)

#### END #############################################################
