# linac1:11 -- Linac magsys/magcor
#### 0. Includes #####################################################
include(`g0603.devtype')
include(`c0612.devtype')
include(`cac208.devtype')
include(`canadc40.devtype')
include(`candac16.devtype')
include(`cdac20.devtype')
include(`ist_cdac20.devtype')
include(`v1k_cdac20.devtype')
include(`v3h_a40d16.devtype')
include(`iset_walker.devtype')
include(`devlist_magx_macros.m4')

#### 1. Hardware #####################################################

# Magsys -- OLD VCh300
dev ovch300_a40_0 canadc40/remdrv ~ 0,62 b:cangw-magsys:8002 adc_timecode=4 gain=0
dev ovch300_c16_0 candac16/remdrv ~ 0,63 b:cangw-magsys:8002 spd=-533320
dev ovch300_a40_1 canadc40/remdrv ~ 0,60 b:cangw-magsys:8002 adc_timecode=4 gain=0
dev ovch300_c16_1 candac16/remdrv ~ 0,61 b:cangw-magsys:8002 spd0=-7714280 spd1=-7714280 spd8=-1594420 spd9=-1595679 spd10=-1603400 spd5=-533320 spd6=-533320 spd7=-533320 spd4=-533320

# Magsys -- NEW VCh300
dev v3ha40_0      canadc40/remdrv ~ 0,56 b:cangw-magsys:8002 adc_timecode=4 gain=0
dev v3hd16_0      candac16/remdrv ~ 0,57 b:cangw-magsys:8002 spd=-1333330  # -50A
dev v3ha40_1      canadc40/remdrv ~ 0,54 b:cangw-magsys:8002 adc_timecode=4 gain=0
dev v3hd16_1      candac16/remdrv ~ 0,55 b:cangw-magsys:8002 spd=-1333330  # -50A

# Magcor
dev rst1_a40_0 canadc40/remdrv ~ 0,31 b:cangw-rst1:8002 adc_timecode=4 gain=0 end=31
dev rst1_c16_0 candac16/remdrv ~ 0,30 b:cangw-rst1:8002
dev rst1_a40_1 canadc40/remdrv ~ 0,29 b:cangw-rst1:8002 adc_timecode=4 gain=0 end=31
dev rst1_c16_1 candac16/remdrv ~ 0,28 b:cangw-rst1:8002
dev rst1_a40_2 canadc40/remdrv ~ 0,27 b:cangw-rst1:8002 adc_timecode=4 gain=0 end=31
dev rst1_c16_2 candac16/remdrv ~ 0,26 b:cangw-rst1:8002

### pks8
##dev pks_0 g0603/remdrv ~ 5  b:ppc-v1000:8002
##dev pks_1 g0603/remdrv ~ 8  b:ppc-v1000:8002
##dev c0612 c0612/remdrv ~ 16 b:ppc-v1000:8002

# ISTs
dev icd_esol  cdac20/remdrv ~ 0,47 b:cangw-magsys:8002 spd=-400000 tac=10
dev icd_d1m   cdac20/remdrv ~ 0,46 b:cangw-magsys:8002 spd=-400000 tac=10
# ISTR-13
dev icd_psol  cdac20/remdrv ~ 0,15 b:cangw-rst1:8002 spd=-400000 tac=10 # 15=63-48
dev icd_bend  cdac20/remdrv ~ 0,14 b:cangw-rst1:8002 spd=-400000 tac=10 # 14=62-48
# V1000
dev icd_coil1   cdac20/remdrv ~ 0,63 b:cangw-rst1:8002  spd=-800000 tac=10
dev icd_coil2   cdac20/remdrv ~ 0,62 b:cangw-rst1:8002  spd=-800000 tac=10
dev icd_rings   cdac20/remdrv ~ 0,61 b:cangw-ip2:8002   spd=-800000 tac=10
dev icd_spectr1 cdac20/remdrv ~ 0,60 b:cangw-ip2:8002   spd=-800000 tac=10
dev icd_spectr2 cdac20/remdrv ~ 0,59 b:cangw-ip2:8002   spd=-800000 tac=10
##dev icd_ql15    cdac20/remdrv ~ 0,58 b:cangw-rst1:8002  spd=-2000000
#
dev icd_ql15    cdac20/remdrv ~ 0,54 b:cangw-rst1:8002  spd=-2000000 max=3000000 tac=10
dev icd_qltr3   cdac20/remdrv ~ 0,53 b:cangw-rst1:8002  spd=-2000000 max=3000000 tac=10
dev icd_qltr2   cdac20/remdrv ~ 0,52 b:cangw-rst1:8002  spd=-2000000 max=3000000 tac=10
dev icd_qltr1   cdac20/remdrv ~ 0,51 b:cangw-rst1:8002  spd=-2000000 max=3000000 tac=10

# Magcor aux crate 2/cac208
dev fedcor cac208/remdrv ~ 0,25 b:cangw-rst1:8002

#### 2. Cpoints and virtual hardware #################################

# Magsys -- OLD VCh300
define(`MAGX_OLD_VCH300_DEV_LINE', `
    cpoint $1.Iset      $2  r:$4
    cpoint $1.Iset_rate $3  r:$4
    cpoint $1.Imes      $5  r:$6
')
MAGX_OLD_VCH300_DEV_LINE(QL1,     ovch300_c16_0.out0,  ovch300_c16_0.out_rate0,  0.026666, ovch300_a40_0.adc1,  0.026666) #!!!FLOAT: 8.0/300         8.0/300
MAGX_OLD_VCH300_DEV_LINE(QL2,     ovch300_c16_0.out1,  ovch300_c16_0.out_rate1,  0.026666, ovch300_a40_0.adc4,  0.026666) #!!!FLOAT: 8.0/300         8.0/300
MAGX_OLD_VCH300_DEV_LINE(QL3,     ovch300_c16_0.out2,  ovch300_c16_0.out_rate2,  0.026666, ovch300_a40_0.adc7,  0.026666) #!!!FLOAT: 8.0/300         8.0/300
###MAGX_OLD_VCH300_DEV_LINE(QL4,     ovch300_c16_1.out0,  0.256410, ovch300_a40_1.adc0,  0.256410) #!!!FLOAT: 1.0/3.9         1.0/3.9
###MAGX_OLD_VCH300_DEV_LINE(QL5,     ovch300_c16_1.out1,  0.256410, ovch300_a40_1.adc1,  0.256410) #!!!FLOAT: 1.0/3.9         1.0/3.9
MAGX_OLD_VCH300_DEV_LINE(QL4,     ovch300_c16_1.out0,  ovch300_c16_1.out_rate0,  0.385714, ovch300_a40_1.adc0,  0.385714) #!!!FLOAT: 5.4/14          5.4/14
MAGX_OLD_VCH300_DEV_LINE(QL5,     ovch300_c16_1.out1,  ovch300_c16_1.out_rate1,  0.385714, ovch300_a40_1.adc1,  0.385714) #!!!FLOAT: 5.4/14          5.4/14
MAGX_OLD_VCH300_DEV_LINE(QL6n7,   ovch300_c16_0.out3,  ovch300_c16_0.out_rate3,  0.026666, ovch300_a40_0.adc10, 0.026666) #!!!FLOAT: 8.0/300         8.0/300
MAGX_OLD_VCH300_DEV_LINE(QL8n9,   ovch300_c16_0.out4,  ovch300_c16_0.out_rate4,  0.026666, ovch300_a40_0.adc13, 0.026666) #!!!FLOAT: 8.0/300         8.0/300
MAGX_OLD_VCH300_DEV_LINE(QL10,    ovch300_c16_0.out5,  ovch300_c16_0.out_rate5,  0.026666, ovch300_a40_0.adc32, 0.026666) #!!!FLOAT: 8.0/300         8.0/300
MAGX_OLD_VCH300_DEV_LINE(QL11,    ovch300_c16_0.out6,  ovch300_c16_0.out_rate6,  0.026666, ovch300_a40_0.adc35, 0.026666) #!!!FLOAT: 8.0/300         8.0/300
MAGX_OLD_VCH300_DEV_LINE(QL12,    ovch300_c16_1.out8,  ovch300_c16_1.out_rate8,  0.079721, ovch300_a40_1.adc30, 0.076960) #!!!FLOAT: 1.0/12.92*1.030 1.0/12.47/1.042
MAGX_OLD_VCH300_DEV_LINE(QL13,    ovch300_c16_1.out9,  ovch300_c16_1.out_rate9,  0.079784, ovch300_a40_1.adc28, 0.076985) #!!!FLOAT: 1.0/12.96*1.034 1.0/12.49/1.040
MAGX_OLD_VCH300_DEV_LINE(QL14,    ovch300_c16_1.out10, ovch300_c16_1.out_rate10, 0.080170, ovch300_a40_1.adc26, 0.077295) #!!!FLOAT: 1.0/12.96*1.039 1.0/12.50/1.035
MAGX_OLD_VCH300_DEV_LINE(QLB1,    ovch300_c16_1.out5,  ovch300_c16_1.out_rate5,  0.026666, ovch300_a40_1.adc32, 0.026666) #!!!FLOAT: 8.0/300         8.0/300
MAGX_OLD_VCH300_DEV_LINE(QLB3n4,  ovch300_c16_1.out6,  ovch300_c16_1.out_rate6,  0.026666, ovch300_a40_1.adc35, 0.026666) #!!!FLOAT: 8.0/300         8.0/300
MAGX_OLD_VCH300_DEV_LINE(QLB2n5,  ovch300_c16_1.out7,  ovch300_c16_1.out_rate7,  0.026666, ovch300_a40_1.adc38, 0.026666) #!!!FLOAT: 8.0/300         8.0/300
MAGX_OLD_VCH300_DEV_LINE(Cor1,    ovch300_c16_1.out4,  ovch300_c16_1.out_rate4,  0.026666, ovch300_a40_1.adc13, 0.026666) #!!!FLOAT: 8.0/300         8.0/300
MAGX_OLD_VCH300_DEV_LINE(Cor2n3,  ovch300_c16_0.out7,  ovch300_c16_0.out_rate7,  0.026666, ovch300_a40_0.adc38, 0.026666) #!!!FLOAT: 8.0/300         8.0/300

# Magsys -- NEW VCh300
cpoint v3h0.a40 v3ha40_0
cpoint v3h0.d16 v3hd16_0
cpoint v3h1.a40 v3ha40_1
cpoint v3h1.d16 v3hd16_1
MAGX_V3H_A40D16_DEV(QL16, v3h0, 0, 0.0266666) #!!!FLOAT: 8./300
MAGX_V3H_A40D16_DEV(QL17, v3h0, 1, 0.0266666) #!!!FLOAT: 8./300
MAGX_V3H_A40D16_DEV(QL18, v3h0, 2, 0.0266666) #!!!FLOAT: 8./300
MAGX_V3H_A40D16_DEV(QL19, v3h0, 3, 0.0266666) #!!!FLOAT: 8./300
MAGX_V3H_A40D16_DEV(QL20, v3h0, 4, 0.0266666) #!!!FLOAT: 8./300
MAGX_V3H_A40D16_DEV(QL21, v3h0, 5, 0.0266666) #!!!FLOAT: 8./300
MAGX_V3H_A40D16_DEV(QL22, v3h0, 6, 0.0266666) #!!!FLOAT: 8./300
MAGX_V3H_A40D16_DEV(QL23, v3h0, 7, 0.0266666) #!!!FLOAT: 8./300
MAGX_V3H_A40D16_DEV(QL24, v3h1, 0, 0.0266666) #!!!FLOAT: 8./300
MAGX_V3H_A40D16_DEV(QL25, v3h1, 1, 0.0266666) #!!!FLOAT: 8./300
MAGX_V3H_A40D16_DEV(QL26, v3h1, 2, 0.0266666) #!!!FLOAT: 8./300
MAGX_V3H_A40D16_DEV(QL27, v3h1, 3, 0.0266666) #!!!FLOAT: 8./300
MAGX_V3H_A40D16_DEV(QL28, v3h1, 4, 0.0266666) #!!!FLOAT: 8./300
MAGX_V3H_A40D16_DEV(QL29, v3h1, 5, 0.0266666) #!!!FLOAT: 8./300
MAGX_V3H_A40D16_DEV(QL30, v3h1, 6, 0.0266666) #!!!FLOAT: 8./300
MAGX_V3H_A40D16_DEV(QL31, v3h1, 7, 0.0266666) #!!!FLOAT: 8./300

# Magcor
MAGX_COR4016_DEV(rst1_a40_0, rst1_c16_0, rst1,
                 LENS1, LENS2, GUN_V,  GUN_H,  CAV_V, CAV_H, SCR_V, SCR_H,
                 BUN_H, BUN_V, BUN1_H, BUN2_H, S1_V,  S1_H,  S2_V,  S2_H)
MAGX_COR4016_DEV(rst1_a40_1, rst1_c16_1, rst1,
                 S3_V,  S3_H,  S4_V,   S4_H,   S5_V,  S5_H,  B1,    B2,
                 B_V,   B3,    TR_V,   TR_H,   CNV_V, CNV_H, S6_V,  QLN)
MAGX_COR4016_DEV(rst1_a40_2, rst1_c16_2, rst1,
                 S7_V,  r_S7_H,S8_V,   r_S8_H, S9_V,  S9_H,  S10_V, S10_H,
                 S11_V, S11_H, S12_V,  S12_H,  S13_V, S13_H, S14_V, S14_H)

### pks8
##MAGX_OLD_V1000_DEV(pks_0,
##                   c0612,
##                   QLTr1,   49.71186, 7000,
##                   QLTr2,   49.71186, 7000,
##                   QLTr3,   49.71186, 7000,
##                   oldQL15,    49.71186, 5300,
##                   Coil1o,  59.523,   3500,
##                   Coil2o,  54.945,   3500,
##                   SpectrO, -14.87796, -864.58333333333337,
##                   RingsO,  59.523,   3500)  
###!!!FLOAT:  11732/(236.0)       1000.0*7.0
###!!!FLOAT:  11732/(236.0)       1000.0*7.0
###!!!FLOAT:  11732/(236.0)       1000.0*7.0
###!!!FLOAT:  11732/(236.0)       1000.0*5.3
###!!!FLOAT: 020000/(336.0)       1000.0*3.5
###!!!FLOAT: 015000/273.0         1000.0*3.5
###!!!FLOAT: 020000/(-1344.27)    1000.0*0.83*(-1/0.96)
###!!!FLOAT: 020000/(336.0)       1000.0*3.5

# ISTs
MAGX_IST_CDAC20_DEV(esol,     icd_esol,    0.004) #!!!FLOAT: 1./250
MAGX_IST_CDAC20_DEV(d1m,      icd_d1m,     0.008) #!!!FLOAT: 8./1000
MAGX_IST_CDAC20_DEV(psol,     icd_psol,    0.004) #!!!FLOAT: 1./250
MAGX_IST_CDAC20_DEV(bend,     icd_bend,    0.004) #!!!FLOAT: 1./250
MAGX_IST_CDAC20_DEV(coil1,    icd_coil1,   0.004, 1) #!!!FLOAT: 1./250 //!!!-1!!!
MAGX_IST_CDAC20_DEV(coil2,    icd_coil2,   0.004, 1) #!!!FLOAT: 1./250 //!!!-1!!!
MAGX_IST_CDAC20_DEV(rings,    icd_rings,   0.004, 1) #!!!FLOAT: 1./250 //!!!-1!!!
MAGX_IST_CDAC20_DEV(spectr1, =icd_spectr1, 0.004, 0) #!!!FLOAT: 1./250
MAGX_IST_CDAC20_DEV(spectr2, =icd_spectr2, 0.004, 0) #!!!FLOAT: 1./250
##MAGX_IST_CDAC20_DEV(ql15,     icd_ql15,    0.004, 1) #!!!FLOAT: 1./250 //!!!-1!!!
#MAGX_IST_CDAC20_DEV(ql15,     [max_hw=1200000]icd_ql15,    0.004, 1) #!!!FLOAT: 1./250 //!!!-1!!!
# Spectrometer -- "double IST" artificial channels
dev spectr_iset_dev       double_iset w1d - Spectr1.Iset       Spectr2.Iset
###dev spectr_iset_cur_dev   formula     r1d - \
###        r:"_all_code; getchan Spectr1.Iset_cur; getchan Spectr2.Iset_cur; add; ret;"
dev spectr_switch_on_dev  mux_write   w1i - Spectr1.switch_on  Spectr2.switch_on
dev spectr_switch_off_dev mux_write   w1i - Spectr1.switch_off Spectr2.switch_off
cpoint Spectr.Iset       spectr_iset_dev.0
###cpoint Spectr.Iset_cur   spectr_iset_cur_dev.0
cpoint Spectr.switch_on  spectr_switch_on_dev.0
cpoint Spectr.switch_off spectr_switch_off_dev.0
###cpoint Spectr._devstate  Spectr1._devstate
###MAGX_WALKER_SUBDEV(Spectr, 1)

MAGX_IST_CDAC20_DEV(ql15,     icd_ql15,    0.01, 1) #!!!FLOAT: 1./250 //!!!-1!!!
MAGX_IST_CDAC20_DEV(qltr3,    icd_qltr3,   0.01, 1) #!!!FLOAT: 1./250 //!!!-1!!!
MAGX_IST_CDAC20_DEV(qltr2,    icd_qltr2,   0.01, 1) #!!!FLOAT: 1./250 //!!!-1!!!
MAGX_IST_CDAC20_DEV(qltr1,    icd_qltr1,   0.01, 1) #!!!FLOAT: 1./250 //!!!-1!!!

# Magcor aux crate 2/cac208
cpoint fedcor.opora fedcor.adc12 r:0.33223 #!!!FLOAT: 1.0/3.01
MAGX_COR208_DEV(fedcor, fedcor,
                tech_v, tech_h, tr2_h, tr2_v, n45, n56, rsrv6, rsrv7)

#### END #############################################################
