# bike:47 -- weld control, CXv4-based version

include(`senkov_vip.devtype')
include(`weld02.devtype')
include(`cac208.devtype')
include(`ceac124.devtype')
include(`frolov_bfp.devtype')
include(`frolov_bfp2.devtype')
include(`dds300.devtype')
include(`dds500.devtype')
include(`weldproc.devtype')


layerinfo cangw-vch300:0 1

dev vip    senkov_vip/remdrv  ~ 0,10 b:cangw-vch300
dev gun    weld02/remdrv      ~ 0,12 b:cangw-vch300
dev vac    cac208/remdrv      ~ 0,14 b:cangw-vch300 beg=0 end=1
#dev mag1   cac208/remdrv      ~ 0,15 b:cangw-vch300 beg=0 end=13
dev mag1   cac208@sktcankoz   ~ 2,31 beg=0 end=13
dev mag2_a ceac124/remdrv     ~ 0,62 b:cangw-vch300
dev mag2_b ceac124/remdrv     ~ 0,63 b:cangw-vch300

dev o_m    frolov_bfp/remdrv  ~ 2    b:ppc-weldsyn
dev mod    frolov_bfp2/remdrv ~ 7    b:ppc-weldsyn
dev o_d    dds300/remdrv      ~ 4    b:ppc-weldsyn
dev dds    dds500/remdrv      ~ 12   b:ppc-weldsyn

##dev wproc1 weldproc           ~ -    weldtree1/4 at_beg="_all_code; print_str BEG; push 1; putchan mag1.outrb6; ret;" at_end="_all_code; print_str END; push 0; putchan mag1.outrb6; ret;"
dev wproc1 weldproc           ~ -    weldtree1/4 \
		at_beg="_all_code; push 1; putchan mod.stat_wkalwd; ret;" \
		at_end="_all_code; push 0; putchan mod.stat_wkalwd; ret;"
dev wproc2 weldproc           ~ -    weldtree2/2 \
		at_beg="_all_code; push 1; putchan mod.stat_wkalwd; ret;" \
		at_end="_all_code; push 0; putchan mod.stat_wkalwd; ret;"

cpoint vac.tokoosedanie vac.adc1 0.5 #!!!FLOAT: 1.0/2
cpoint vac.vacuum_mes   vac.adc0 # Just volts

cpoint magsys {
  i_acx_s  mag1.out6 6.6666666 #!!!FLOAT: (10/1.5)
  i_acy_s  mag1.out7 6.6666666 #!!!FLOAT: (10/1.5)
  i_ld_s   mag1.out0 6.6666666 #!!!FLOAT: (10/1.5)
  i_ls_s   mag1.out1 6.6666666 #!!!FLOAT: (10/1.5)
  i_c2x_s  mag1.out4 6.6666666 #!!!FLOAT: (10/1.5)
  i_c2y_s  mag1.out5 6.6666666 #!!!FLOAT: (10/1.5)
  i_dc1x_s mag1.out2 6.6666666 #!!!FLOAT: (10/1.5)
  i_dc1y_s mag1.out3 6.6666666 #!!!FLOAT: (10/1.5)

  i_ld_rate mag1.out_rate0 6.6666666 #!!!FLOAT: (10/1.5)

  i_acx_m  mag1.adc12 2.0 #!!!FLOAT: 2.0/1.0
  i_acy_m  mag1.adc13 2.0 #!!!FLOAT: 2.0/1.0
  i_ld_m   mag1.adc0  2.0 #!!!FLOAT: 2.0/1.0
  i_ls_m   mag1.adc1  2.0 #!!!FLOAT: 2.0/1.0
  i_c2x_m  mag1.adc8  2.0 #!!!FLOAT: 2.0/1.0
  i_c2y_m  mag1.adc9  2.0 #!!!FLOAT: 2.0/1.0
  i_dc1x_m mag1.adc4  2.0 #!!!FLOAT: 2.0/1.0
  i_dc1y_m mag1.adc5  2.0 #!!!FLOAT: 2.0/1.0

  cpoint weld {
    do_start	wproc1.do_start
    do_stop	wproc1.do_stop
    reset_state	wproc1.reset_state
    time	wproc1.time
    cur0	wproc1.cur0	6.6666666 #!!!FLOAT: (10/1.5)
    cur1	wproc1.cur1	6.6666666 #!!!FLOAT: (10/1.5)
    cur2	wproc1.cur2	6.6666666 #!!!FLOAT: (10/1.5)
    cur3	wproc1.cur3	6.6666666 #!!!FLOAT: (10/1.5)
    beg0	wproc1.beg0	6.6666666 #!!!FLOAT: (10/1.5)
    beg1	wproc1.beg1	6.6666666 #!!!FLOAT: (10/1.5)
    beg2	wproc1.beg2	6.6666666 #!!!FLOAT: (10/1.5)
    beg3	wproc1.beg3	6.6666666 #!!!FLOAT: (10/1.5)
    end0	wproc1.end0	6.6666666 #!!!FLOAT: (10/1.5)
    end1	wproc1.end1	6.6666666 #!!!FLOAT: (10/1.5)
    end2	wproc1.end2	6.6666666 #!!!FLOAT: (10/1.5)
    end3	wproc1.end3	6.6666666 #!!!FLOAT: (10/1.5)
    is_welding	wproc1.is_welding
    vdev_state	wproc1.vdev_state
  }
}

cpoint magsys2 {
  i_acx_s  mag2_b.out2 6.6666666 #!!!FLOAT: (10/1.5)
  i_acy_s  mag2_b.out3 6.6666666 #!!!FLOAT: (10/1.5)
  i_afc_s  mag2_a.out0 6.6666666 #!!!FLOAT: (10/1.5)
  i_foc_s  mag2_a.out1 6.6666666 #!!!FLOAT: (10/1.5)
  i_c2x_s  mag2_b.out0 6.6666666 #!!!FLOAT: (10/1.5)
  i_c2y_s  mag2_b.out1 6.6666666 #!!!FLOAT: (10/1.5)
  i_dc1x_s mag2_a.out2 6.6666666 #!!!FLOAT: (10/1.5)
  i_dc1y_s mag2_a.out3 6.6666666 #!!!FLOAT: (10/1.5)

  i_acx_m  mag2_b.adc4 2.0 #!!!FLOAT: 2.0/1.0 # 2*2+0
  i_acy_m  mag2_b.adc6 2.0 #!!!FLOAT: 2.0/1.0 # 3*2+0
  i_afc_m  mag2_a.adc0 2.0 #!!!FLOAT: 2.0/1.0 # 0*2+0
  i_foc_m  mag2_a.adc2 2.0 #!!!FLOAT: 2.0/1.0 # 1*2+0
  i_c2x_m  mag2_b.adc0 2.0 #!!!FLOAT: 2.0/1.0 # 0*2+0
  i_c2y_m  mag2_b.adc2 2.0 #!!!FLOAT: 2.0/1.0 # 1*2+0
  i_dc1x_m mag2_a.adc4 2.0 #!!!FLOAT: 2.0/1.0 # 2*2+0
  i_dc1y_m mag2_a.adc6 2.0 #!!!FLOAT: 2.0/1.0 # 3*2+0

  i_acx_v  mag2_b.adc5 3.13953 #!!!FLOAT: 2.7/0.86 # 2*2+1
  i_acy_v  mag2_b.adc7 3.13953 #!!!FLOAT: 2.7/0.86 # 3*2+1
  i_afc_v  mag2_a.adc1 3.13953 #!!!FLOAT: 2.7/0.86 # 0*2+1
  i_foc_v  mag2_a.adc3 3.13953 #!!!FLOAT: 2.7/0.86 # 1*2+1
  i_c2x_v  mag2_b.adc1 3.13953 #!!!FLOAT: 2.7/0.86 # 0*2+1
  i_c2y_v  mag2_b.adc3 3.13953 #!!!FLOAT: 2.7/0.86 # 1*2+1
  i_dc1x_v mag2_a.adc5 3.13953 #!!!FLOAT: 2.7/0.86 # 2*2+1
  i_dc1y_v mag2_a.adc7 3.13953 #!!!FLOAT: 2.7/0.86 # 3*2+1 

  cpoint weld {
    do_start	wproc2.do_start
    do_stop	wproc2.do_stop
    reset_state	wproc2.reset_state
    time	wproc2.time
    cur0	wproc2.cur0	6.6666666 #!!!FLOAT: (10/1.5)
    cur1	wproc2.cur1	6.6666666 #!!!FLOAT: (10/1.5)
    beg0	wproc2.beg0	6.6666666 #!!!FLOAT: (10/1.5)
    beg1	wproc2.beg1	6.6666666 #!!!FLOAT: (10/1.5)
    end0	wproc2.end0	6.6666666 #!!!FLOAT: (10/1.5)
    end1	wproc2.end1	6.6666666 #!!!FLOAT: (10/1.5)
    is_welding	wproc2.is_welding
    vdev_state	wproc2.vdev_state
  }
}

cpoint weldtree1 {
  dac  mag1
  cur0 weldtree1.dac.out_cur4
  cur1 weldtree1.dac.out_cur5
  cur2 weldtree1.dac.out_cur2
  cur3 weldtree1.dac.out_cur3
  tab0 weldtree1.dac.out_tab4
  tab1 weldtree1.dac.out_tab5
  tab2 weldtree1.dac.out_tab2
  tab3 weldtree1.dac.out_tab3
}

cpoint weldtree2 {
  dac  mag2_b
  cur0 weldtree2.dac.out_cur0
  cur1 weldtree2.dac.out_cur1
  tab0 weldtree2.dac.out_tab0
  tab1 weldtree2.dac.out_tab1
}
