# ep1-berezin2:49 -- weld control, CXv4-based version

include(`senkov_vip.devtype')
include(`weld02.devtype')
include(`cac208.devtype')
include(`ceac124.devtype')
include(`frolov_bfp.devtype')
include(`frolov_bfp2.devtype')
include(`dds300.devtype')


dev vip    senkov_vip@sktcankoz  ~ 0,10
dev gun    weld02@sktcankoz      ~ 0,12
dev vac    cac208@sktcankoz      ~ 0,14 beg=0 end=1
dev mag1   cac208@sktcankoz      ~ 0,15 beg=0 end=15

cpoint magsys {
  i_x_s mag1.out4  10.0 #!!!FLOAT: (10/1.0)
  i_y_s mag1.out5  10.0 #!!!FLOAT: (10/1.0)
  i_f_s mag1.out6  10.0 #!!!FLOAT: (10/1.0)
  i_r_s mag1.out7  10.0 #!!!FLOAT: (10/1.0)

  i_x_m mag1.adc8   2.0 #!!!FLOAT: (2.0/1.0)
  i_y_m mag1.adc10  2.0 #!!!FLOAT: (2.0/1.0)
  i_f_m mag1.adc12  2.0 #!!!FLOAT: (2.0/1.0)
  i_r_m mag1.adc14  2.0 #!!!FLOAT: (2.0/1.0)

  i_x_v mag1.adc9   3.1395349 #!!!FLOAT: (2.7/0.86)
  i_y_v mag1.adc11  3.1395349 #!!!FLOAT: (2.7/0.86)
  i_f_v mag1.adc13  3.1395349 #!!!FLOAT: (2.7/0.86)
  i_r_v mag1.adc15  3.1395349 #!!!FLOAT: (2.7/0.86)
}

cpoint baachi {
  vip.ctl.setts {
      u_high vip.set_dac_uout
      k_corr vip.set_dac_corr
  }

  cpoint gunctl {
      stab.i_cat_bot_s gun.set_il
  }

  cpoint magsys.is magsys # Maps to GLOBAL magsys namespace
}
